<html>
<body>
<pre>
<h1>礦ision Build Log</h1>
<h2>Tool Versions:</h2>
IDE-Version: μVision V5.38.0.0
Copyright (C) 2022 ARM Ltd and ARM Germany GmbH. All rights reserved.
License Information: 1 1, 1, LIC=32B1Q-N87UJ-II65V-PRTQ6-EHBES-J68YP
 
Tool Versions:
Toolchain:       MDK-ARM Plus  Version: 5.38.0.0
Toolchain Path:  E:\keil5\ARM\ARMCC\Bin
C Compiler:      Armcc.exe V5.06 update 5 (build 528)
Assembler:       Armasm.exe V5.06 update 5 (build 528)
Linker/Locator:  ArmLink.exe V5.06 update 5 (build 528)
Library Manager: ArmAr.exe V5.06 update 5 (build 528)
Hex Converter:   FromElf.exe V5.06 update 5 (build 528)
CPU DLL:         SARMCM3.DLL V5.38.0.0
Dialog DLL:      DCM.DLL V1.17.5.0
Target DLL:      CMSIS_AGDI.dll V1.33.15.0
Dialog DLL:      TCM.DLL V1.56.4.0
 
<h2>Project:</h2>
I:\MCU\STM32\F103\通用信息\6_LED_Test_Code\STM32F10x_StdPeriph_Lib_V3.6.0\Project\STM32F10x_StdPeriph_Template\MDK-ARM\Project.uvprojx
Project File Date:  10/19/2023

<h2>Output:</h2>
*** Using Compiler 'V5.06 update 5 (build 528)', folder: 'E:\keil5\ARM\ARMCC\Bin'
Build target 'STM32100E-EVAL'
compiling main.c...
..\main.c(41): warning:  #1295-D: Deprecated declaration delay - give arg types
  void delay();
..\main.c: 1 warning, 0 errors
linking...
Program Size: Code=680 RO-data=340 RW-data=4 ZI-data=1028  
".\STM32100E-EVAL\STM32100E-EVAL.axf" - 0 Error(s), 1 Warning(s).

<h2>Software Packages used:</h2>

Package Vendor: HKMicroChip
                http://www.hsxp-hk.com/companyfile/2/HKMicroChip.HK32F1xx_DFP.1.0.6.pack
                HKMicroChip.HK32F1xx_DFP.1.0.6
                HKMicroChip HK32F1 ARM Cortex-M3 Device Family Pack Device Support

<h2>Collection of Component include folders:</h2>

<h2>Collection of Component Files used:</h2>
Build Time Elapsed:  00:00:01
</pre>
</body>
</html>
